// Jest Snapshot v1, https://goo.gl/fbAQLP

exports[`Snapshots ProfileLoader does not render anything while loading 1`] = `
<span>
  <div
    style={
      Object {
        "textAlign": "center",
      }
    }
  >
    <div
      style={
        Object {
          "height": "1rem",
          "margin": "0 auto 1rem auto",
          "position": "relative",
          "width": "1rem",
        }
      }
    >
      <span>
        <div
          style={
            Object {
              "height": "1rem",
              "left": 0,
              "opacity": 0,
              "position": "absolute",
              "top": 0,
              "transition": "all 1000ms ease-in-out",
              "width": "1rem",
            }
          }
        >
          <svg
            height="100%"
            style={
              Object {
                "fill": "#59626a",
                "height": "1rem",
                "width": "1rem",
              }
            }
            version="1.1"
            viewBox="0 0 16 16"
            width="100%"
            xmlns="http://www.w3.org/2000/svg"
            xmlnsXlink="http://www.w3.org/1999/xlink"
          >
            <g
              className="shuttleGray"
            >
              <path
                d="M1.10241622,4.34038738 L7.75166358,7.40469806 C7.88821853,7.46764349 8.11178147,7.46764349 8.24833642,7.40469806 L14.8975838,4.34038738 C15.0341387,4.27744195 15.0341387,4.17446518 14.8975838,4.11151975 L8.24833642,1.04720908 C8.11178147,0.984263641 7.88821853,0.984263641 7.75166358,1.04720908 L1.10241622,4.11151975 C0.965861261,4.17446518 0.965861261,4.27744195 1.10241622,4.34038738"
              />
            </g>
          </svg>
        </div>
      </span>
    </div>
    <span
      style={
        Object {
          "color": "#59626a",
          "fontFamily": "\\"Open Sans\\", sans-serif",
          "fontSize": "1rem",
          "fontWeight": 400,
        }
      }
    >
      Loading...
    </span>
  </div>
</span>
`;

exports[`Snapshots ProfileLoader renders its child components if its not loading 1`] = `
<span>
  <div
    style={
      Object {
        "display": "flex",
        "flexDirection": "column",
        "flexGrow": 1,
        "height": "100vh",
        "maxWidth": "70rem",
        "padding": "0rem 2rem",
      }
    }
  >
    <span
      style={
        Object {
          "backgroundColor": "green",
        }
      }
    >
      This should be seen
    </span>
  </div>
</span>
`;
