// Jest Snapshot v1, https://goo.gl/fbAQLP

exports[`Snapshots ExportPicker should not be open or exporting 1`] = `
<span>
  <div
    className="sc-EHOje WFHAx"
  >
    <button
      className="sc-bdVaJa gFDTaL"
      disabled={false}
      onClick={[Function]}
    >
      <span
        style={
          Object {
            "color": "#59626a",
            "fontFamily": "\\"Roboto\\", sans-serif",
            "fontSize": "0.75rem",
            "fontWeight": 700,
          }
        }
      >
        Export as...
      </span>
      <span
        className="sc-bwzfXH eBBRbA"
      >
        <svg
          height="100%"
          style={
            Object {
              "fill": "#59626a",
              "height": "0.75rem",
              "width": "0.75rem",
            }
          }
          version="1.1"
          viewBox="0 0 16 16"
          width="100%"
          xmlns="http://www.w3.org/2000/svg"
          xmlnsXlink="http://www.w3.org/1999/xlink"
        >
          <g
            className="shuttleGray"
          >
            <path
              d="M4.90573685,4.61438297 C4.5159485,4.22537555 4.51510793,3.59709045 4.90996552,3.20500565 L4.90996552,3.20500565 C5.30208929,2.81563546 5.93536183,2.81786315 6.32490003,3.21046581 L11.2750374,8.19954548 C11.6643604,8.59193123 11.6645756,9.22591178 11.2750374,9.61606213 L6.32490003,14.5739785 C5.93557705,14.9639132 5.3048231,14.9648641 4.90996552,14.5699959 L4.90996552,14.5699959 C4.51784174,14.1778616 4.51273549,13.5497061 4.9163418,13.1493324 L8.84038203,9.25672113 C9.03897712,9.05971665 9.04484713,8.74520064 8.84038203,8.54114518 L4.90573685,4.61438297 Z"
              transform="translate(8.089966, 8.890003) scale(-1, 1) rotate(-270.000000) translate(-8.089966, -8.890003) "
            />
          </g>
        </svg>
      </span>
    </button>
    <div
      className="sc-htpNat fhrSjp"
    >
      <ul
        className="sc-bxivhb ktajjB"
      />
    </div>
    <div
      className="sc-bZQynM cYzJbb"
      onClick={undefined}
      role="button"
      tabIndex="0"
    />
  </div>
</span>
`;
