// Jest Snapshot v1, https://goo.gl/fbAQLP

exports[`Snapshots Tabs a story 1`] = `
<span>
  <div
    id="tabs"
  >
    <div>
      <a
        href="#"
        onBlur={[Function]}
        onClick={[Function]}
        onFocus={[Function]}
        onMouseEnter={[Function]}
        onMouseLeave={[Function]}
        style={
          Object {
            "color": "#168eea",
            "fontFamily": "\\"Roboto\\", sans-serif",
            "outline": "none",
            "padding": "0",
            "textDecoration": "none",
          }
        }
        target="_self"
      >
        <span
          style={
            Object {
              "borderRadius": "4px",
              "display": "inline-block",
              "padding": "0.75rem 1rem",
            }
          }
        >
          <span
            onMouseEnter={undefined}
            onMouseLeave={undefined}
          >
            <span
              style={
                Object {
                  "color": "#59626a",
                  "fontFamily": "\\"Roboto\\", sans-serif",
                  "fontSize": "1rem",
                  "fontWeight": 400,
                }
              }
            >
              Overview
            </span>
          </span>
        </span>
      </a>
      <a
        href="#"
        onBlur={[Function]}
        onClick={[Function]}
        onFocus={[Function]}
        onMouseEnter={[Function]}
        onMouseLeave={[Function]}
        style={
          Object {
            "color": "#168eea",
            "fontFamily": "\\"Roboto\\", sans-serif",
            "outline": "none",
            "padding": "0",
            "textDecoration": "none",
          }
        }
        target="_self"
      >
        <span
          style={
            Object {
              "backgroundColor": "rgba(22, 142, 234, .1)",
              "borderRadius": "4px",
              "display": "inline-block",
              "padding": "0.75rem 1rem",
            }
          }
        >
          <span
            onMouseEnter={undefined}
            onMouseLeave={undefined}
          >
            <span
              style={
                Object {
                  "color": "#59626a",
                  "fontFamily": "\\"Roboto\\", sans-serif",
                  "fontSize": "1rem",
                  "fontWeight": 700,
                }
              }
            >
              Posts
            </span>
          </span>
        </span>
      </a>
    </div>
  </div>
</span>
`;
