// Jest Snapshot v1, https://goo.gl/fbAQLP

exports[`Snapshots MultiProfileSelector should not render the dropdown if profiles are missing 1`] = `
<span>
  <div
    style={
      Object {
        "display": "flex",
      }
    }
  />
</span>
`;

exports[`Snapshots MultiProfileSelector should show no match message 1`] = `
<span>
  <div
    style={
      Object {
        "display": "flex",
      }
    }
  >
    <div
      className="dropdown dropdownContainer"
    >
      <a
        className="dropdown__trigger dropdownTrigger dropdownTriggerActive"
        onClick={[Function]}
        style={
          Object {
            "display": "flex",
          }
        }
      >
        <span
          style={
            Object {
              "color": "#59626a",
              "fontFamily": "\\"Roboto\\", sans-serif",
              "fontSize": "0.75rem",
              "fontWeight": 700,
            }
          }
        >
          Please choose an account
        </span>
        <span
          style={
            Object {
              "marginLeft": "auto",
              "pointerEvents": "none",
            }
          }
        >
          <svg
            height="100%"
            style={
              Object {
                "fill": "#59626a",
                "height": "1rem",
                "width": "1rem",
              }
            }
            version="1.1"
            viewBox="0 0 16 16"
            width="100%"
            xmlns="http://www.w3.org/2000/svg"
            xmlnsXlink="http://www.w3.org/1999/xlink"
          >
            <g
              className="shuttleGray"
            >
              <path
                d="M4.90573685,3.83437656 C4.5159485,3.44536915 4.51510793,2.81708404 4.90996552,2.42499924 L4.90996552,2.42499924 C5.30208929,2.03562905 5.93536183,2.03785674 6.32490003,2.4304594 L11.2750374,7.41953907 C11.6643604,7.81192483 11.6645756,8.44590538 11.2750374,8.83605572 L6.32490003,13.7939721 C5.93557705,14.1839068 5.3048231,14.1848577 4.90996552,13.7899895 L4.90996552,13.7899895 C4.51784174,13.3978552 4.51273549,12.7696997 4.9163418,12.369326 L8.84038203,8.47671472 C9.03897712,8.27971024 9.04484713,7.96519423 8.84038203,7.76113877 L4.90573685,3.83437656 Z"
                transform="translate(8.089966, 8.109997) scale(-1, -1) rotate(-270.000000) translate(-8.089966, -8.109997) "
              />
            </g>
          </svg>
        </span>
      </a>
      <div
        className="dropdown__content dropdownContent dropdownContentActive"
      >
        <div
          className="dropdownContentInputHolder"
          style={
            Object {
              "padding": "10px",
            }
          }
        >
          <div>
            <input
              disabled={undefined}
              onBlur={undefined}
              onChange={[Function]}
              onFocus={undefined}
              placeholder="Search"
              style={
                Object {
                  "border": "0.063rem solid #ced7df",
                  "borderRadius": "0.126rem",
                  "boxSizing": "border-box",
                  "fontFamily": "\\"Roboto\\", sans-serif",
                  "fontSize": "1rem",
                  "outline": 0,
                  "padding": "0.5rem",
                  "width": "100%",
                }
              }
              type="text"
              value={undefined}
            />
          </div>
          <div
            style={
              Object {
                "marginTop": "10px",
              }
            }
          >
            <span
              style={
                Object {
                  "color": "#59626a",
                  "fontFamily": "\\"Roboto\\", sans-serif",
                  "fontSize": "0.75rem",
                  "fontWeight": 700,
                }
              }
            >
              No Results
            </span>
          </div>
        </div>
        <div
          style={
            Object {
              "marginTop": "10px",
              "padding": "10px",
            }
          }
        >
          <button
            aria-label={null}
            disabled={undefined}
            onBlur={[Function]}
            onClick={[Function]}
            onFocus={[Function]}
            onMouseEnter={[Function]}
            onMouseLeave={[Function]}
            style={
              Object {
                "backgroundColor": "#168eea",
                "border": "0.063rem solid transparent",
                "borderRadius": "2rem",
                "color": "#fff",
                "cursor": "pointer",
                "display": "inline-block",
                "fontFamily": "\\"Roboto\\", sans-serif",
                "fontSize": "0.75rem",
                "fontWeight": 400,
                "margin": "0",
                "outline": "none",
                "padding": "0.5rem 2rem",
                "transition": "background-color 0.2s linear",
                "width": "100%",
              }
            }
          >
            Compare Profiles
          </button>
        </div>
      </div>
    </div>
  </div>
</span>
`;
